Active connections: 4
server accepts handled requests
 1226958 1151158 4491119
Reading: 0 Writing: 2 Waiting: 6