# Server
redis_version:4.0.9
redis_git_sha1:00000000
redis_git_dirty:0
redis_build_id:e0c8d37381c486c6
redis_mode:standalone
os:Darwin 18.2.0 x86_64
arch_bits:64
multiplexing_api:kqueue
atomicvar_api:atomic-builtin
gcc_version:4.2.1
process_id:1201
run_id:7d1e18e7ccf9484ef3636ff145dbc3ced5fd8f01
tcp_port:6379
uptime_in_seconds:3349376
uptime_in_days:38
hz:10
lru_clock:6777537
executable:/usr/local/opt/redis/bin/redis-server
config_file:/usr/local/etc/redis.conf

# Clients
connected_clients:1
client_longest_output_list:0
client_biggest_input_buf:0
blocked_clients:0

# Memory
used_memory:1043984
used_memory_human:1019.52K
used_memory_rss:557056
used_memory_rss_human:544.00K
used_memory_peak:1043984
used_memory_peak_human:1019.52K
used_memory_peak_perc:100.00%
used_memory_overhead:1030438
used_memory_startup:980736
used_memory_dataset:13546
used_memory_dataset_perc:21.42%
total_system_memory:17179869184
total_system_memory_human:16.00G
used_memory_lua:37888
used_memory_lua_human:37.00K
maxmemory:0
maxmemory_human:0B
maxmemory_policy:noeviction
mem_fragmentation_ratio:0.53
mem_allocator:libc
active_defrag_running:0
lazyfree_pending_objects:0

# Persistence
loading:0
rdb_changes_since_last_save:0
rdb_bgsave_in_progress:0
rdb_last_save_time:1548333171
rdb_last_bgsave_status:ok
rdb_last_bgsave_time_sec:0
rdb_current_bgsave_time_sec:-1
rdb_last_cow_size:0
aof_enabled:0
aof_rewrite_in_progress:0
aof_rewrite_scheduled:0
aof_last_rewrite_time_sec:-1
aof_current_rewrite_time_sec:-1
aof_last_bgrewrite_status:ok
aof_last_write_status:ok
aof_last_cow_size:0

# Stats
total_connections_received:323
total_commands_processed:331
instantaneous_ops_per_sec:0
total_net_input_bytes:0
total_net_output_bytes:871587
instantaneous_input_kbps:0.00
instantaneous_output_kbps:0.00
rejected_connections:0
sync_full:0
sync_partial_ok:0
sync_partial_err:0
expired_keys:0
expired_stale_perc:0.00
expired_time_cap_reached_count:0
evicted_keys:0
keyspace_hits:1
keyspace_misses:1
pubsub_channels:0
pubsub_patterns:0
latest_fork_usec:1234
migrate_cached_sockets:0
slave_expires_tracked_keys:0
active_defrag_hits:0
active_defrag_misses:0
active_defrag_key_hits:0
active_defrag_key_misses:0

# Replication
role:master
connected_slaves:0
master_replid:65a558faf348fb6f0cf75b82e4ae6b1cc4128baf
master_replid2:0000000000000000000000000000000000000000
master_repl_offset:0
second_repl_offset:-1
repl_backlog_active:0
repl_backlog_size:1048576
repl_backlog_first_byte_offset:0
repl_backlog_histlen:0

# CPU
used_cpu_sys:422.27
used_cpu_user:200.05
used_cpu_sys_children:0.00
used_cpu_user_children:0.00

# Cluster
cluster_enabled:0

# Keyspace
db0:keys=1,expires=0,avg_ttl=0
