HTTP/1.1 200 OK
Server: squid/3.5.27
Mime-Version: 1.0
Date: Sun, 17 Mar 2019 23:22:14 GMT
Content-Type: text/plain;charset=utf-8
Expires: Sun, 17 Mar 2019 23:22:14 GMT
Last-Modified: Sun, 17 Mar 2019 23:22:14 GMT
X-Cache: MISS from proxy-ap-dev-sqclient-01-i-0a9e2bc2690194316.corpdev.apdev.local
X-Cache-Lookup: MISS from proxy-ap-dev-sqclient-01-i-0a9e2bc2690194316.corpdev.apdev.local:3128
Connection: close
 
Cache Utilisation:
 
Last 5 minutes:
sample_start_time = 1552864614.137869 (Sun, 17 Mar 2019 23:16:54 GMT)
sample_end_time = 1552864914.140548 (Sun, 17 Mar 2019 23:21:54 GMT)
client_http.requests = 0.006667/sec
client_http.hits = 0.000000/sec
client_http.errors = 0.000000/sec
client_http.kbytes_in = 0.000000/sec
client_http.kbytes_out = 0.099999/sec
client_http.all_median_svc_time = 0.000000 seconds
client_http.miss_median_svc_time = 0.000000 seconds
client_http.nm_median_svc_time = 0.000000 seconds
client_http.nh_median_svc_time = 0.000000 seconds
client_http.hit_median_svc_time = 0.000000 seconds
server.all.requests = 0.000000/sec
server.all.errors = 0.000000/sec
server.all.kbytes_in = 0.000000/sec
server.all.kbytes_out = 0.000000/sec
server.http.requests = 0.000000/sec
server.http.errors = 0.000000/sec
server.http.kbytes_in = 0.000000/sec
server.http.kbytes_out = 0.000000/sec
server.ftp.requests = 0.000000/sec
server.ftp.errors = 0.000000/sec
server.ftp.kbytes_in = 0.000000/sec
server.ftp.kbytes_out = 0.000000/sec
server.other.requests = 0.000000/sec
server.other.errors = 0.000000/sec
server.other.kbytes_in = 0.000000/sec
server.other.kbytes_out = 0.000000/sec
icp.pkts_sent = 0.000000/sec
icp.pkts_recv = 0.000000/sec
icp.queries_sent = 0.000000/sec
icp.replies_sent = 0.000000/sec
icp.queries_recv = 0.000000/sec
icp.replies_recv = 0.000000/sec
icp.replies_queued = 0.000000/sec
icp.query_timeouts = 0.000000/sec
icp.kbytes_sent = 0.000000/sec
icp.kbytes_recv = 0.000000/sec
icp.q_kbytes_sent = 0.000000/sec
icp.r_kbytes_sent = 0.000000/sec
icp.q_kbytes_recv = 0.000000/sec
icp.r_kbytes_recv = 0.000000/sec
icp.query_median_svc_time = 0.000000 seconds
icp.reply_median_svc_time = 0.000000 seconds
dns.median_svc_time = 0.000945 seconds
unlink.requests = 0.000000/sec
page_faults = 0.000000/sec
select_loops = 4.973289/sec
select_fds = 3.659967/sec
average_select_fd_period = 0.000000/fd
median_select_fds = 0.000000
swap.outs = 0.000000/sec
swap.ins = 0.000000/sec
swap.files_cleaned = 0.000000/sec
aborted_requests = 0.000000/sec
syscalls.disk.opens = 0.000000/sec
syscalls.disk.closes = 0.000000/sec
syscalls.disk.reads = 0.000000/sec
syscalls.disk.writes = 0.000000/sec
syscalls.disk.seeks = 0.000000/sec
syscalls.disk.unlinks = 0.000000/sec
syscalls.sock.accepts = 1.796651/sec
syscalls.sock.sockets = 0.000000/sec
syscalls.sock.connects = 0.000000/sec
syscalls.sock.binds = 0.000000/sec
syscalls.sock.closes = 1.796651/sec
syscalls.sock.reads = 1.796651/sec
syscalls.sock.writes = 0.033333/sec
syscalls.sock.recvfroms = 0.066666/sec
syscalls.sock.sendtos = 0.033333/sec
cpu_time = 0.105984 seconds
wall_time = 300.002679 seconds
cpu_usage = 0.035328%
 
Last 15 minutes:
sample_start_time = 1552864014.127343 (Sun, 17 Mar 2019 23:06:54 GMT)
sample_end_time = 1552864914.140548 (Sun, 17 Mar 2019 23:21:54 GMT)
client_http.requests = 0.004444/sec
client_http.hits = 0.000000/sec
client_http.errors = 0.000000/sec
client_http.kbytes_in = 0.000000/sec
client_http.kbytes_out = 0.065555/sec
client_http.all_median_svc_time = 0.000000 seconds
client_http.miss_median_svc_time = 0.000000 seconds
client_http.nm_median_svc_time = 0.000000 seconds
client_http.nh_median_svc_time = 0.000000 seconds
client_http.hit_median_svc_time = 0.000000 seconds
server.all.requests = 0.000000/sec
server.all.errors = 0.000000/sec
server.all.kbytes_in = 0.000000/sec
server.all.kbytes_out = 0.000000/sec
server.http.requests = 0.000000/sec
server.http.errors = 0.000000/sec
server.http.kbytes_in = 0.000000/sec
server.http.kbytes_out = 0.000000/sec
server.ftp.requests = 0.000000/sec
server.ftp.errors = 0.000000/sec
server.ftp.kbytes_in = 0.000000/sec
server.ftp.kbytes_out = 0.000000/sec
server.other.requests = 0.000000/sec
server.other.errors = 0.000000/sec
server.other.kbytes_in = 0.000000/sec
server.other.kbytes_out = 0.000000/sec
icp.pkts_sent = 0.000000/sec
icp.pkts_recv = 0.000000/sec
icp.queries_sent = 0.000000/sec
icp.replies_sent = 0.000000/sec
icp.queries_recv = 0.000000/sec
icp.replies_recv = 0.000000/sec
icp.replies_queued = 0.000000/sec
icp.query_timeouts = 0.000000/sec
icp.kbytes_sent = 0.000000/sec
icp.kbytes_recv = 0.000000/sec
icp.q_kbytes_sent = 0.000000/sec
icp.r_kbytes_sent = 0.000000/sec
icp.q_kbytes_recv = 0.000000/sec
icp.r_kbytes_recv = 0.000000/sec
icp.query_median_svc_time = 0.000000 seconds
icp.reply_median_svc_time = 0.000000 seconds
dns.median_svc_time = 0.000945 seconds
unlink.requests = 0.000000/sec
page_faults = 0.000000/sec
select_loops = 4.973260/sec
select_fds = 3.655502/sec
average_select_fd_period = 0.000000/fd
median_select_fds = 0.000000
swap.outs = 0.000000/sec
swap.ins = 0.000000/sec
swap.files_cleaned = 0.000000/sec
aborted_requests = 0.000000/sec
syscalls.disk.opens = 0.047777/sec
syscalls.disk.closes = 0.046666/sec
syscalls.disk.reads = 0.000000/sec
syscalls.disk.writes = 0.000000/sec
syscalls.disk.seeks = 0.000000/sec
syscalls.disk.unlinks = 0.000000/sec
syscalls.sock.accepts = 1.799974/sec
syscalls.sock.sockets = 0.004444/sec
syscalls.sock.connects = 0.000000/sec
syscalls.sock.binds = 0.004444/sec
syscalls.sock.closes = 1.815529/sec
syscalls.sock.reads = 1.799974/sec
syscalls.sock.writes = 0.022222/sec
syscalls.sock.recvfroms = 0.066666/sec
syscalls.sock.sendtos = 0.033333/sec
cpu_time = 0.387941 seconds
wall_time = 900.013205 seconds
cpu_usage = 0.043104%
 
Last hour:
sample_start_time = 1552861314.85579 (Sun, 17 Mar 2019 22:21:54 GMT)
sample_end_time = 1552864914.140548 (Sun, 17 Mar 2019 23:21:54 GMT)
client_http.requests = 0.001389/sec
client_http.hits = 0.000000/sec
client_http.errors = 0.000278/sec
client_http.kbytes_in = 0.000000/sec
client_http.kbytes_out = 0.017500/sec
client_http.all_median_svc_time = 0.000000 seconds
client_http.miss_median_svc_time = 0.000000 seconds
client_http.nm_median_svc_time = 0.000000 seconds
client_http.nh_median_svc_time = 0.000000 seconds
client_http.hit_median_svc_time = 0.000000 seconds
server.all.requests = 0.000000/sec
server.all.errors = 0.000000/sec
server.all.kbytes_in = 0.000000/sec
server.all.kbytes_out = 0.000000/sec
server.http.requests = 0.000000/sec
server.http.errors = 0.000000/sec
server.http.kbytes_in = 0.000000/sec
server.http.kbytes_out = 0.000000/sec
server.ftp.requests = 0.000000/sec
server.ftp.errors = 0.000000/sec
server.ftp.kbytes_in = 0.000000/sec
server.ftp.kbytes_out = 0.000000/sec
server.other.requests = 0.000000/sec
server.other.errors = 0.000000/sec
server.other.kbytes_in = 0.000000/sec
server.other.kbytes_out = 0.000000/sec
icp.pkts_sent = 0.000000/sec
icp.pkts_recv = 0.000000/sec
icp.queries_sent = 0.000000/sec
icp.replies_sent = 0.000000/sec
icp.queries_recv = 0.000000/sec
icp.replies_recv = 0.000000/sec
icp.replies_queued = 0.000000/sec
icp.query_timeouts = 0.000000/sec
icp.kbytes_sent = 0.000000/sec
icp.kbytes_recv = 0.000000/sec
icp.q_kbytes_sent = 0.000000/sec
icp.r_kbytes_sent = 0.000000/sec
icp.q_kbytes_recv = 0.000000/sec
icp.r_kbytes_recv = 0.000000/sec
icp.query_median_svc_time = 0.000000 seconds
icp.reply_median_svc_time = 0.000000 seconds
dns.median_svc_time = 0.000945 seconds
unlink.requests = 0.000000/sec
page_faults = 0.000000/sec
select_loops = 4.898814/sec
select_fds = 3.579945/sec
average_select_fd_period = 0.000000/fd
median_select_fds = 0.000000
swap.outs = 0.000000/sec
swap.ins = 0.000000/sec
swap.files_cleaned = 0.000000/sec
aborted_requests = 0.000000/sec
syscalls.disk.opens = 0.012222/sec
syscalls.disk.closes = 0.011944/sec
syscalls.disk.reads = 0.000000/sec
syscalls.disk.writes = 0.000000/sec
syscalls.disk.seeks = 0.000000/sec
syscalls.disk.unlinks = 0.000000/sec
syscalls.sock.accepts = 1.770251/sec
syscalls.sock.sockets = 0.001111/sec
syscalls.sock.connects = 0.000000/sec
syscalls.sock.binds = 0.001111/sec
syscalls.sock.closes = 1.774140/sec
syscalls.sock.reads = 1.770251/sec
syscalls.sock.writes = 0.005833/sec
syscalls.sock.recvfroms = 0.067221/sec
syscalls.sock.sendtos = 0.033611/sec
cpu_time = 1.323798 seconds
wall_time = 3600.054969 seconds
cpu_usage = 0.036772%
 
Last 8 hours:
sample_start_time = 1552832033.644116 (Sun, 17 Mar 2019 14:13:53 GMT)
sample_end_time = 1552864914.140548 (Sun, 17 Mar 2019 23:21:54 GMT)
client_http.requests = 0.000152/sec
client_http.hits = 0.000000/sec
client_http.errors = 0.000030/sec
client_http.kbytes_in = 0.000000/sec
client_http.kbytes_out = 0.001916/sec
client_http.all_median_svc_time = 0.000000 seconds
client_http.miss_median_svc_time = 0.000000 seconds
client_http.nm_median_svc_time = 0.000000 seconds
client_http.nh_median_svc_time = 0.000000 seconds
client_http.hit_median_svc_time = 0.000000 seconds
server.all.requests = 0.000000/sec
server.all.errors = 0.000000/sec
server.all.kbytes_in = 0.000000/sec
server.all.kbytes_out = 0.000000/sec
server.http.requests = 0.000000/sec
server.http.errors = 0.000000/sec
server.http.kbytes_in = 0.000000/sec
server.http.kbytes_out = 0.000000/sec
server.ftp.requests = 0.000000/sec
server.ftp.errors = 0.000000/sec
server.ftp.kbytes_in = 0.000000/sec
server.ftp.kbytes_out = 0.000000/sec
server.other.requests = 0.000000/sec
server.other.errors = 0.000000/sec
server.other.kbytes_in = 0.000000/sec
server.other.kbytes_out = 0.000000/sec
icp.pkts_sent = 0.000000/sec
icp.pkts_recv = 0.000000/sec
icp.queries_sent = 0.000000/sec
icp.replies_sent = 0.000000/sec
icp.queries_recv = 0.000000/sec
icp.replies_recv = 0.000000/sec
icp.replies_queued = 0.000000/sec
icp.query_timeouts = 0.000000/sec
icp.kbytes_sent = 0.000000/sec
icp.kbytes_recv = 0.000000/sec
icp.q_kbytes_sent = 0.000000/sec
icp.r_kbytes_sent = 0.000000/sec
icp.q_kbytes_recv = 0.000000/sec
icp.r_kbytes_recv = 0.000000/sec
icp.query_median_svc_time = 0.000000 seconds
icp.reply_median_svc_time = 0.000000 seconds
dns.median_svc_time = 0.000945 seconds
unlink.requests = 0.000000/sec
page_faults = 0.000000/sec
select_loops = 4.887822/sec
select_fds = 3.569472/sec
average_select_fd_period = 0.000000/fd
median_select_fds = 0.000000
swap.outs = 0.000000/sec
swap.ins = 0.000000/sec
swap.files_cleaned = 0.000000/sec
aborted_requests = 0.000000/sec
syscalls.disk.opens = 0.001581/sec
syscalls.disk.closes = 0.001551/sec
syscalls.disk.reads = 0.000000/sec
syscalls.disk.writes = 0.000000/sec
syscalls.disk.seeks = 0.000000/sec
syscalls.disk.unlinks = 0.000000/sec
syscalls.sock.accepts = 1.767735/sec
syscalls.sock.sockets = 0.000122/sec
syscalls.sock.connects = 0.000000/sec
syscalls.sock.binds = 0.000122/sec
syscalls.sock.closes = 1.768161/sec
syscalls.sock.reads = 1.767735/sec
syscalls.sock.writes = 0.000639/sec
syscalls.sock.recvfroms = 0.066726/sec
syscalls.sock.sendtos = 0.033363/sec
cpu_time = 10.017477 seconds
wall_time = 32880.496432 seconds
cpu_usage = 0.030466%
 
Last day:
sample_start_time = 1552774432.829183 (Sat, 16 Mar 2019 22:13:52 GMT)
sample_end_time = 1552864914.140548 (Sun, 17 Mar 2019 23:21:54 GMT)
client_http.requests = 0.000055/sec
client_http.hits = 0.000000/sec
client_http.errors = 0.000011/sec
client_http.kbytes_in = 0.000000/sec
client_http.kbytes_out = 0.000696/sec
client_http.all_median_svc_time = 0.000000 seconds
client_http.miss_median_svc_time = 0.000000 seconds
client_http.nm_median_svc_time = 0.000000 seconds
client_http.nh_median_svc_time = 0.000000 seconds
client_http.hit_median_svc_time = 0.000000 seconds
server.all.requests = 0.000000/sec
server.all.errors = 0.000000/sec
server.all.kbytes_in = 0.000000/sec
server.all.kbytes_out = 0.000000/sec
server.http.requests = 0.000000/sec
server.http.errors = 0.000000/sec
server.http.kbytes_in = 0.000000/sec
server.http.kbytes_out = 0.000000/sec
server.ftp.requests = 0.000000/sec
server.ftp.errors = 0.000000/sec
server.ftp.kbytes_in = 0.000000/sec
server.ftp.kbytes_out = 0.000000/sec
server.other.requests = 0.000000/sec
server.other.errors = 0.000000/sec
server.other.kbytes_in = 0.000000/sec
server.other.kbytes_out = 0.000000/sec
icp.pkts_sent = 0.000000/sec
icp.pkts_recv = 0.000000/sec
icp.queries_sent = 0.000000/sec
icp.replies_sent = 0.000000/sec
icp.queries_recv = 0.000000/sec
icp.replies_recv = 0.000000/sec
icp.replies_queued = 0.000000/sec
icp.query_timeouts = 0.000000/sec
icp.kbytes_sent = 0.000000/sec
icp.kbytes_recv = 0.000000/sec
icp.q_kbytes_sent = 0.000000/sec
icp.r_kbytes_sent = 0.000000/sec
icp.q_kbytes_recv = 0.000000/sec
icp.r_kbytes_recv = 0.000000/sec
icp.query_median_svc_time = 0.000000 seconds
icp.reply_median_svc_time = 0.000000 seconds
dns.median_svc_time = 0.000945 seconds
unlink.requests = 0.000000/sec
page_faults = 0.000000/sec
select_loops = 4.873592/sec
select_fds = 3.555055/sec
average_select_fd_period = 0.000000/fd
median_select_fds = 0.000000
swap.outs = 0.000000/sec
swap.ins = 0.000000/sec
swap.files_cleaned = 0.000000/sec
aborted_requests = 0.000000/sec
syscalls.disk.opens = 0.000763/sec
syscalls.disk.closes = 0.000752/sec
syscalls.disk.reads = 0.000000/sec
syscalls.disk.writes = 0.000000/sec
syscalls.disk.seeks = 0.000000/sec
syscalls.disk.unlinks = 0.000000/sec
syscalls.sock.accepts = 1.760717/sec
syscalls.sock.sockets = 0.000044/sec
syscalls.sock.connects = 0.000000/sec
syscalls.sock.binds = 0.000044/sec
syscalls.sock.closes = 1.760872/sec
syscalls.sock.reads = 1.760717/sec
syscalls.sock.writes = 0.000232/sec
syscalls.sock.recvfroms = 0.066809/sec
syscalls.sock.sendtos = 0.033421/sec
cpu_time = 26.388988 seconds
wall_time = 90481.311365 seconds
cpu_usage = 0.029165%
 
Last 3 days:
(no values recorded yet)
 
Totals since cache startup:
sample_time = 1552864914.140548 (Sun, 17 Mar 2019 23:21:54 GMT)
client_http.requests = 6
client_http.hits = 0
client_http.errors = 1
client_http.kbytes_in = 0
client_http.kbytes_out = 75
client_http.hit_kbytes_out = 0
server.all.requests = 1
server.all.errors = 0
server.all.kbytes_in = 12
server.all.kbytes_out = 0
server.http.requests = 1
server.http.errors = 0
server.http.kbytes_in = 12
server.http.kbytes_out = 0
server.ftp.requests = 0
server.ftp.errors = 0
server.ftp.kbytes_in = 0
server.ftp.kbytes_out = 0
server.other.requests = 0
server.other.errors = 0
server.other.kbytes_in = 0
server.other.kbytes_out = 0
icp.pkts_sent = 0
icp.pkts_recv = 0
icp.queries_sent = 0
icp.replies_sent = 0
icp.queries_recv = 0
icp.replies_sent = 0
icp.queries_recv = 0
icp.replies_recv = 0
icp.query_timeouts = 0
icp.replies_queued = 0
icp.kbytes_sent = 0
icp.kbytes_recv = 0
icp.q_kbytes_sent = 0
icp.r_kbytes_sent = 0
icp.q_kbytes_recv = 0
icp.r_kbytes_recv = 0
icp.times_used = 0
cd.times_used = 0
cd.msgs_sent = 0
cd.msgs_recv = 0
cd.memory = 0
cd.local_memory = 0
cd.kbytes_sent = 0
cd.kbytes_recv = 0
unlink.requests = 0
page_faults = 0
select_loops = 1177847
cpu_time = 71.253167
wall_time = 20.811630
swap.outs = 0
swap.ins = 0
swap.files_cleaned = 0
aborted_requests = 0