Mar. 11, 2019 10:08:45 PM org.newrelic.nrjmx.JMXFetcher queryAttributes
WARNING: Can't get attribute socketProperties for bean Catalina:type=ThreadPool,name="http-apr-8080": error unmarshalling return; nested exception is:
	java.io.WriteAbortedException: writing aborted; java.io.NotSerializableException: org.apache.tomcat.util.net.SocketProperties
Mar. 11, 2019 10:08:45 PM org.newrelic.nrjmx.JMXFetcher queryAttributes
WARNING: Can't get attribute socketProperties for bean Catalina:type=ThreadPool,name="ajp-apr-8009": error unmarshalling return; nested exception is:
	java.io.WriteAbortedException: writing aborted; java.io.NotSerializableException: org.apache.tomcat.util.net.SocketProperties
{"Catalina:type\u003dThreadPool,name\u003d\"ajp-apr-8009\",attr\u003dsSLCipherSuite":"HIGH:!aNULL:!eNULL:!EXPORT:!DES:!RC4:!MD5:!kRSA","Catalina:type\u003dThreadPool,name\u003d\"http-apr-8080\",attr\u003duseCometTimeout":false,"Catalina:type\u003dThreadPool,name\u003d\"ajp-apr-8009\",attr\u003dsslProtocol":"TLS","Catalina:type\u003dThreadPool,name\u003d\"ajp-apr-8009\",attr\u003dsessionTimeout":"86400","Catalina:type\u003dThreadPool,name\u003d\"ajp-apr-8009\",attr\u003dmodelerType":"org.apache.tomcat.util.net.AprEndpoint","Catalina:type\u003dThreadPool,name\u003d\"ajp-apr-8009\",attr\u003dsSLHonorCipherOrder":false,"Catalina:type\u003dThreadPool,name\u003d\"ajp-apr-8009\",attr\u003dcurrentThreadsBusy":0,"Catalina:type\u003dThreadPool,name\u003d\"ajp-apr-8009\",attr\u003dmaxHeaderCount":100,"Catalina:type\u003dThreadPool,name\u003d\"http-apr-8080\",attr\u003dthreadPriority":5,"Catalina:type\u003dThreadPool,name\u003d\"http-apr-8080\",attr\u003dkeepAliveTimeout":20000,"Catalina:type\u003dThreadPool,name\u003d\"ajp-apr-8009\",attr\u003dsSLVerifyDepth":10,"Catalina:type\u003dThreadPool,name\u003d\"http-apr-8080\",attr\u003dlocalPort":8080,"Catalina:type\u003dThreadPool,name\u003d\"http-apr-8080\",attr\u003dsoTimeout":20000,"Catalina:type\u003dThreadPool,name\u003d\"ajp-apr-8009\",attr\u003dsSLDisableCompression":false,"Catalina:type\u003dThreadPool,name\u003d\"http-apr-8080\",attr\u003dpaused":false,"Catalina:type\u003dThreadPool,name\u003d\"ajp-apr-8009\",attr\u003dacceptorThreadPriority":5,"Catalina:type\u003dThreadPool,name\u003d\"http-apr-8080\",attr\u003dmaxConnections":8192,"Catalina:type\u003dThreadPool,name\u003d\"ajp-apr-8009\",attr\u003dkeystoreFile":"/root/.keystore","Catalina:type\u003dThreadPool,name\u003d\"ajp-apr-8009\",attr\u003dsSLInsecureRenegotiation":false,"Catalina:type\u003dThreadPool,name\u003d\"http-apr-8080\",attr\u003dsendfileCount":0,"Catalina:type\u003dThreadPool,name\u003d\"ajp-apr-8009\",attr\u003duseCometTimeout":false,"Catalina:type\u003dThreadPool,name\u003d\"http-apr-8080\",attr\u003dkeystoreType":"JKS","Catalina:type\u003dThreadPool,name\u003d\"http-apr-8080\",attr\u003drunning":true,"Catalina:type\u003dThreadPool,name\u003d\"http-apr-8080\",attr\u003dkeepAliveCount":0,"Catalina:type\u003dThreadPool,name\u003d\"http-apr-8080\",attr\u003dport":8080,"Catalina:type\u003dThreadPool,name\u003d\"http-apr-8080\",attr\u003dpollTime":2000,"Catalina:type\u003dThreadPool,name\u003d\"http-apr-8080\",attr\u003dsslProtocol":"TLS","Catalina:type\u003dThreadPool,name\u003d\"ajp-apr-8009\",attr\u003dkeepAliveCount":0,"Catalina:type\u003dThreadPool,name\u003d\"http-apr-8080\",attr\u003dsSLVerifyClient":"none","Catalina:type\u003dThreadPool,name\u003d\"http-apr-8080\",attr\u003dalgorithm":"SunX509","Catalina:type\u003dThreadPool,name\u003d\"http-apr-8080\",attr\u003dcurrentThreadsBusy":0,"Catalina:type\u003dThreadPool,name\u003d\"http-apr-8080\",attr\u003dsessionTimeout":"86400","Catalina:type\u003dThreadPool,name\u003d\"ajp-apr-8009\",attr\u003dminSpareThreads":10,"Catalina:type\u003dThreadPool,name\u003d\"ajp-apr-8009\",attr\u003dpollTime":2000,"Catalina:type\u003dThreadPool,name\u003d\"http-apr-8080\",attr\u003dacceptorThreadPriority":5,"Catalina:type\u003dThreadPool,name\u003d\"ajp-apr-8009\",attr\u003dsendfileCount":0,"Catalina:type\u003dThreadPool,name\u003d\"http-apr-8080\",attr\u003dmaxHeaderCount":100,"Catalina:type\u003dThreadPool,name\u003d\"ajp-apr-8009\",attr\u003drunning":true,"Catalina:type\u003dThreadPool,name\u003d\"ajp-apr-8009\",attr\u003duseServerCipherSuitesOrder":"","Catalina:type\u003dThreadPool,name\u003d\"ajp-apr-8009\",attr\u003dkeepAliveTimeout":-1,"Catalina:type\u003dThreadPool,name\u003d\"ajp-apr-8009\",attr\u003dbindOnInit":true,"Catalina:type\u003dThreadPool,name\u003d\"http-apr-8080\",attr\u003dmaxKeepAliveRequests":100,"Catalina:type\u003dThreadPool,name\u003d\"http-apr-8080\",attr\u003dsendfileThreadCount":0,"Catalina:type\u003dThreadPool,name\u003d\"http-apr-8080\",attr\u003dsSLHonorCipherOrder":false,"Catalina:type\u003dThreadPool,name\u003d\"http-apr-8080\",attr\u003dsendfileSize":1024,"Catalina:type\u003dThreadPool,name\u003d\"ajp-apr-8009\",attr\u003dkeystoreType":"JKS","Catalina:type\u003dThreadPool,name\u003d\"ajp-apr-8009\",attr\u003dmaxThreads":200,"Catalina:type\u003dThreadPool,name\u003d\"ajp-apr-8009\",attr\u003dtcpNoDelay":true,"Catalina:type\u003dThreadPool,name\u003d\"ajp-apr-8009\",attr\u003dacceptorThreadCount":1,"Catalina:type\u003dThreadPool,name\u003d\"ajp-apr-8009\",attr\u003dsSLEnabled":false,"Catalina:type\u003dThreadPool,name\u003d\"http-apr-8080\",attr\u003ddaemon":true,"Catalina:type\u003dThreadPool,name\u003d\"http-apr-8080\",attr\u003dmaxThreads":300,"Catalina:type\u003dThreadPool,name\u003d\"ajp-apr-8009\",attr\u003dsoTimeout":-1,"Catalina:type\u003dThreadPool,name\u003d\"ajp-apr-8009\",attr\u003dusePolling":true,"Catalina:type\u003dThreadPool,name\u003d\"http-apr-8080\",attr\u003dclientAuth":"false","Catalina:type\u003dThreadPool,name\u003d\"ajp-apr-8009\",attr\u003dbacklog":100,"Catalina:type\u003dThreadPool,name\u003d\"http-apr-8080\",attr\u003dkeystoreFile":"/root/.keystore","Catalina:type\u003dThreadPool,name\u003d\"http-apr-8080\",attr\u003dexecutorTerminationTimeoutMillis":5000,"Catalina:type\u003dThreadPool,name\u003d\"ajp-apr-8009\",attr\u003duseComet":true,"Catalina:type\u003dThreadPool,name\u003d\"http-apr-8080\",attr\u003dbacklog":100,"Catalina:type\u003dThreadPool,name\u003d\"http-apr-8080\",attr\u003dsSLProtocol":"all","Catalina:type\u003dThreadPool,name\u003d\"http-apr-8080\",attr\u003dbindOnInit":true,"Catalina:type\u003dThreadPool,name\u003d\"http-apr-8080\",attr\u003dsSLEnabled":false,"Catalina:type\u003dThreadPool,name\u003d\"http-apr-8080\",attr\u003dmaxThreadsWithExecutor":300,"Catalina:type\u003dThreadPool,name\u003d\"http-apr-8080\",attr\u003duseComet":true,"Catalina:type\u003dThreadPool,name\u003d\"ajp-apr-8009\",attr\u003dclientAuth":"false","Catalina:type\u003dThreadPool,name\u003d\"http-apr-8080\",attr\u003dsSLInsecureRenegotiation":false,"Catalina:type\u003dThreadPool,name\u003d\"ajp-apr-8009\",attr\u003dsSLVerifyClient":"none","Catalina:type\u003dThreadPool,name\u003d\"ajp-apr-8009\",attr\u003dconnectionCount":1,"Catalina:type\u003dThreadPool,name\u003d\"http-apr-8080\",attr\u003dtcpNoDelay":true,"Catalina:type\u003dThreadPool,name\u003d\"http-apr-8080\",attr\u003dusePolling":true,"Catalina:type\u003dThreadPool,name\u003d\"http-apr-8080\",attr\u003dsSLCipherSuite":"HIGH:!aNULL:!eNULL:!EXPORT:!DES:!RC4:!MD5:!kRSA","Catalina:type\u003dThreadPool,name\u003d\"http-apr-8080\",attr\u003duseSendfile":true,"Catalina:type\u003dThreadPool,name\u003d\"http-apr-8080\",attr\u003duseServerCipherSuitesOrder":"","Catalina:type\u003dThreadPool,name\u003d\"http-apr-8080\",attr\u003dconnectionCount":1,"Catalina:type\u003dThreadPool,name\u003d\"ajp-apr-8009\",attr\u003dalgorithm":"SunX509","Catalina:type\u003dThreadPool,name\u003d\"ajp-apr-8009\",attr\u003dsSLProtocol":"all","Catalina:type\u003dThreadPool,name\u003d\"http-apr-8080\",attr\u003dcurrentThreadCount":10,"Catalina:type\u003dThreadPool,name\u003d\"http-apr-8080\",attr\u003dname":"http-apr-8080","Catalina:type\u003dThreadPool,name\u003d\"ajp-apr-8009\",attr\u003dlocalPort":8009,"Catalina:type\u003dThreadPool,name\u003d\"http-apr-8080\",attr\u003dminSpareThreads":10,"Catalina:type\u003dThreadPool,name\u003d\"ajp-apr-8009\",attr\u003dsoLinger":-1,"Catalina:type\u003dThreadPool,name\u003d\"ajp-apr-8009\",attr\u003dthreadPriority":5,"Catalina:type\u003dThreadPool,name\u003d\"ajp-apr-8009\",attr\u003dpaused":false,"Catalina:type\u003dThreadPool,name\u003d\"ajp-apr-8009\",attr\u003dmaxThreadsWithExecutor":200,"Catalina:type\u003dThreadPool,name\u003d\"ajp-apr-8009\",attr\u003ddeferAccept":true,"Catalina:type\u003dThreadPool,name\u003d\"http-apr-8080\",attr\u003dsSLDisableCompression":false,"Catalina:type\u003dThreadPool,name\u003d\"http-apr-8080\",attr\u003dsoLinger":-1,"Catalina:type\u003dThreadPool,name\u003d\"ajp-apr-8009\",attr\u003dsendfileSize":1024,"Catalina:type\u003dThreadPool,name\u003d\"ajp-apr-8009\",attr\u003dcurrentThreadCount":10,"Catalina:type\u003dThreadPool,name\u003d\"ajp-apr-8009\",attr\u003dmaxKeepAliveRequests":100,"Catalina:type\u003dThreadPool,name\u003d\"http-apr-8080\",attr\u003ddeferAccept":true,"Catalina:type\u003dThreadPool,name\u003d\"ajp-apr-8009\",attr\u003duseSendfile":false,"Catalina:type\u003dThreadPool,name\u003d\"http-apr-8080\",attr\u003dsSLVerifyDepth":10,"Catalina:type\u003dThreadPool,name\u003d\"ajp-apr-8009\",attr\u003dexecutorTerminationTimeoutMillis":5000,"Catalina:type\u003dThreadPool,name\u003d\"ajp-apr-8009\",attr\u003dport":8009,"Catalina:type\u003dThreadPool,name\u003d\"http-apr-8080\",attr\u003dmodelerType":"org.apache.tomcat.util.net.AprEndpoint","Catalina:type\u003dThreadPool,name\u003d\"ajp-apr-8009\",attr\u003ddaemon":true,"Catalina:type\u003dThreadPool,name\u003d\"ajp-apr-8009\",attr\u003dname":"ajp-apr-8009","Catalina:type\u003dThreadPool,name\u003d\"ajp-apr-8009\",attr\u003dsendfileThreadCount":0,"Catalina:type\u003dThreadPool,name\u003d\"ajp-apr-8009\",attr\u003dmaxConnections":8192,"Catalina:type\u003dThreadPool,name\u003d\"http-apr-8080\",attr\u003dacceptorThreadCount":1}
Mar. 11, 2019 10:08:45 PM org.newrelic.nrjmx.Application main
INFO: Stopped receiving data, leaving...